{
  "staticAssets": {
    "global": {
      "js": [
        "/main.cce1a4ed.js",
        "/plugin.71f3b3f2.js",
        "/skip.js"
      ],
      "css": [
        "/main.b6f17edb.css"
      ]
    },
    "all": {
      "js": [
        "/all.3039dd25.js"
      ],
      "css": []
    }
  }
}