{
  "staticAssets": {
    "global": {
      "js": [
        "/static/js/test.src.js.file1.js",
        "/static/js/test.src.js.file2.js",
        "/static/js/test.components.test.test.js",
        "/static/js/test.src.js.file3.js",
        "/static/js/test.src.js.file4.js"
      ],
      "css": [
        "/static/css/test.src.css.main.css"
      ]
    },
    "all": {
      "js": [
        "/static/js/test.src.js.file1.js",
        "/static/js/test.src.js.file2.js",
        "/static/js/test.src.js.file3.js",
        "/static/js/test.src.js.file4.js"
      ],
      "css": []
    }
  }
}